------------------------------------------------------------
TimeQuest Timing Analyzer Summary
------------------------------------------------------------

Type  : Slow 1100mV 85C Model Setup 'pll_ref1|altpll_component|auto_generated|generic_pll1~PLL_OUTPUT_COUNTER|divclk'
Slack : 2.367
TNS   : 0.000

Type  : Slow 1100mV 85C Model Setup 'u6|altpll_component|auto_generated|generic_pll1~PLL_OUTPUT_COUNTER|divclk'
Slack : 3.001
TNS   : 0.000

Type  : Slow 1100mV 85C Model Setup 'altera_reserved_tck'
Slack : 10.300
TNS   : 0.000

Type  : Slow 1100mV 85C Model Setup 'MIPI_PIXEL_CLK'
Slack : 11.028
TNS   : 0.000

Type  : Slow 1100mV 85C Model Setup 'CLOCK_50'
Slack : 11.631
TNS   : 0.000

Type  : Slow 1100mV 85C Model Setup 'CLOCK2_50'
Slack : 12.473
TNS   : 0.000

Type  : Slow 1100mV 85C Model Hold 'CLOCK2_50'
Slack : 0.220
TNS   : 0.000

Type  : Slow 1100mV 85C Model Hold 'pll_ref1|altpll_component|auto_generated|generic_pll1~PLL_OUTPUT_COUNTER|divclk'
Slack : 0.298
TNS   : 0.000

Type  : Slow 1100mV 85C Model Hold 'u6|altpll_component|auto_generated|generic_pll1~PLL_OUTPUT_COUNTER|divclk'
Slack : 0.304
TNS   : 0.000

Type  : Slow 1100mV 85C Model Hold 'CLOCK_50'
Slack : 0.357
TNS   : 0.000

Type  : Slow 1100mV 85C Model Hold 'altera_reserved_tck'
Slack : 0.519
TNS   : 0.000

Type  : Slow 1100mV 85C Model Hold 'MIPI_PIXEL_CLK'
Slack : 0.566
TNS   : 0.000

Type  : Slow 1100mV 85C Model Recovery 'u6|altpll_component|auto_generated|generic_pll1~PLL_OUTPUT_COUNTER|divclk'
Slack : 0.238
TNS   : 0.000

Type  : Slow 1100mV 85C Model Recovery 'MIPI_PIXEL_CLK'
Slack : 13.949
TNS   : 0.000

Type  : Slow 1100mV 85C Model Recovery 'pll_ref1|altpll_component|auto_generated|generic_pll1~PLL_OUTPUT_COUNTER|divclk'
Slack : 14.371
TNS   : 0.000

Type  : Slow 1100mV 85C Model Recovery 'CLOCK2_50'
Slack : 16.138
TNS   : 0.000

Type  : Slow 1100mV 85C Model Recovery 'altera_reserved_tck'
Slack : 36.041
TNS   : 0.000

Type  : Slow 1100mV 85C Model Removal 'CLOCK2_50'
Slack : 0.709
TNS   : 0.000

Type  : Slow 1100mV 85C Model Removal 'u6|altpll_component|auto_generated|generic_pll1~PLL_OUTPUT_COUNTER|divclk'
Slack : 0.741
TNS   : 0.000

Type  : Slow 1100mV 85C Model Removal 'altera_reserved_tck'
Slack : 0.968
TNS   : 0.000

Type  : Slow 1100mV 85C Model Removal 'pll_ref1|altpll_component|auto_generated|generic_pll1~PLL_OUTPUT_COUNTER|divclk'
Slack : 1.019
TNS   : 0.000

Type  : Slow 1100mV 85C Model Removal 'MIPI_PIXEL_CLK'
Slack : 1.141
TNS   : 0.000

Type  : Slow 1100mV 85C Model Minimum Pulse Width 'pll_ref1|altpll_component|auto_generated|generic_pll1~FRACTIONAL_PLL|vcoph[0]'
Slack : 1.666
TNS   : 0.000

Type  : Slow 1100mV 85C Model Minimum Pulse Width 'pll_ref|altpll_component|auto_generated|generic_pll1~FRACTIONAL_PLL|vcoph[0]'
Slack : 1.666
TNS   : 0.000

Type  : Slow 1100mV 85C Model Minimum Pulse Width 'u6|altpll_component|auto_generated|generic_pll1~FRACTIONAL_PLL|vcoph[0]'
Slack : 1.666
TNS   : 0.000

Type  : Slow 1100mV 85C Model Minimum Pulse Width 'u6|altpll_component|auto_generated|generic_pll1~PLL_OUTPUT_COUNTER|divclk'
Slack : 3.783
TNS   : 0.000

Type  : Slow 1100mV 85C Model Minimum Pulse Width 'CLOCK2_50'
Slack : 8.789
TNS   : 0.000

Type  : Slow 1100mV 85C Model Minimum Pulse Width 'CLOCK_50'
Slack : 8.868
TNS   : 0.000

Type  : Slow 1100mV 85C Model Minimum Pulse Width 'CLOCK3_50'
Slack : 9.670
TNS   : 0.000

Type  : Slow 1100mV 85C Model Minimum Pulse Width 'altera_reserved_tck'
Slack : 18.446
TNS   : 0.000

Type  : Slow 1100mV 85C Model Minimum Pulse Width 'MIPI_PIXEL_CLK'
Slack : 18.472
TNS   : 0.000

Type  : Slow 1100mV 85C Model Minimum Pulse Width 'pll_ref1|altpll_component|auto_generated|generic_pll1~PLL_OUTPUT_COUNTER|divclk'
Slack : 18.780
TNS   : 0.000

Type  : Slow 1100mV 0C Model Setup 'pll_ref1|altpll_component|auto_generated|generic_pll1~PLL_OUTPUT_COUNTER|divclk'
Slack : 2.195
TNS   : 0.000

Type  : Slow 1100mV 0C Model Setup 'u6|altpll_component|auto_generated|generic_pll1~PLL_OUTPUT_COUNTER|divclk'
Slack : 3.149
TNS   : 0.000

Type  : Slow 1100mV 0C Model Setup 'altera_reserved_tck'
Slack : 10.440
TNS   : 0.000

Type  : Slow 1100mV 0C Model Setup 'MIPI_PIXEL_CLK'
Slack : 11.052
TNS   : 0.000

Type  : Slow 1100mV 0C Model Setup 'CLOCK_50'
Slack : 11.921
TNS   : 0.000

Type  : Slow 1100mV 0C Model Setup 'CLOCK2_50'
Slack : 12.523
TNS   : 0.000

Type  : Slow 1100mV 0C Model Hold 'CLOCK2_50'
Slack : 0.212
TNS   : 0.000

Type  : Slow 1100mV 0C Model Hold 'pll_ref1|altpll_component|auto_generated|generic_pll1~PLL_OUTPUT_COUNTER|divclk'
Slack : 0.277
TNS   : 0.000

Type  : Slow 1100mV 0C Model Hold 'u6|altpll_component|auto_generated|generic_pll1~PLL_OUTPUT_COUNTER|divclk'
Slack : 0.286
TNS   : 0.000

Type  : Slow 1100mV 0C Model Hold 'CLOCK_50'
Slack : 0.349
TNS   : 0.000

Type  : Slow 1100mV 0C Model Hold 'altera_reserved_tck'
Slack : 0.534
TNS   : 0.000

Type  : Slow 1100mV 0C Model Hold 'MIPI_PIXEL_CLK'
Slack : 0.538
TNS   : 0.000

Type  : Slow 1100mV 0C Model Recovery 'u6|altpll_component|auto_generated|generic_pll1~PLL_OUTPUT_COUNTER|divclk'
Slack : 0.508
TNS   : 0.000

Type  : Slow 1100mV 0C Model Recovery 'MIPI_PIXEL_CLK'
Slack : 13.886
TNS   : 0.000

Type  : Slow 1100mV 0C Model Recovery 'pll_ref1|altpll_component|auto_generated|generic_pll1~PLL_OUTPUT_COUNTER|divclk'
Slack : 14.469
TNS   : 0.000

Type  : Slow 1100mV 0C Model Recovery 'CLOCK2_50'
Slack : 16.300
TNS   : 0.000

Type  : Slow 1100mV 0C Model Recovery 'altera_reserved_tck'
Slack : 36.179
TNS   : 0.000

Type  : Slow 1100mV 0C Model Removal 'CLOCK2_50'
Slack : 0.612
TNS   : 0.000

Type  : Slow 1100mV 0C Model Removal 'u6|altpll_component|auto_generated|generic_pll1~PLL_OUTPUT_COUNTER|divclk'
Slack : 0.761
TNS   : 0.000

Type  : Slow 1100mV 0C Model Removal 'altera_reserved_tck'
Slack : 0.907
TNS   : 0.000

Type  : Slow 1100mV 0C Model Removal 'pll_ref1|altpll_component|auto_generated|generic_pll1~PLL_OUTPUT_COUNTER|divclk'
Slack : 0.952
TNS   : 0.000

Type  : Slow 1100mV 0C Model Removal 'MIPI_PIXEL_CLK'
Slack : 1.291
TNS   : 0.000

Type  : Slow 1100mV 0C Model Minimum Pulse Width 'pll_ref1|altpll_component|auto_generated|generic_pll1~FRACTIONAL_PLL|vcoph[0]'
Slack : 1.666
TNS   : 0.000

Type  : Slow 1100mV 0C Model Minimum Pulse Width 'pll_ref|altpll_component|auto_generated|generic_pll1~FRACTIONAL_PLL|vcoph[0]'
Slack : 1.666
TNS   : 0.000

Type  : Slow 1100mV 0C Model Minimum Pulse Width 'u6|altpll_component|auto_generated|generic_pll1~FRACTIONAL_PLL|vcoph[0]'
Slack : 1.666
TNS   : 0.000

Type  : Slow 1100mV 0C Model Minimum Pulse Width 'u6|altpll_component|auto_generated|generic_pll1~PLL_OUTPUT_COUNTER|divclk'
Slack : 3.756
TNS   : 0.000

Type  : Slow 1100mV 0C Model Minimum Pulse Width 'CLOCK2_50'
Slack : 8.795
TNS   : 0.000

Type  : Slow 1100mV 0C Model Minimum Pulse Width 'CLOCK_50'
Slack : 8.841
TNS   : 0.000

Type  : Slow 1100mV 0C Model Minimum Pulse Width 'CLOCK3_50'
Slack : 9.673
TNS   : 0.000

Type  : Slow 1100mV 0C Model Minimum Pulse Width 'altera_reserved_tck'
Slack : 18.430
TNS   : 0.000

Type  : Slow 1100mV 0C Model Minimum Pulse Width 'MIPI_PIXEL_CLK'
Slack : 18.462
TNS   : 0.000

Type  : Slow 1100mV 0C Model Minimum Pulse Width 'pll_ref1|altpll_component|auto_generated|generic_pll1~PLL_OUTPUT_COUNTER|divclk'
Slack : 18.754
TNS   : 0.000

Type  : Fast 1100mV 85C Model Setup 'u6|altpll_component|auto_generated|generic_pll1~PLL_OUTPUT_COUNTER|divclk'
Slack : 5.810
TNS   : 0.000

Type  : Fast 1100mV 85C Model Setup 'pll_ref1|altpll_component|auto_generated|generic_pll1~PLL_OUTPUT_COUNTER|divclk'
Slack : 9.724
TNS   : 0.000

Type  : Fast 1100mV 85C Model Setup 'altera_reserved_tck'
Slack : 12.357
TNS   : 0.000

Type  : Fast 1100mV 85C Model Setup 'MIPI_PIXEL_CLK'
Slack : 13.500
TNS   : 0.000

Type  : Fast 1100mV 85C Model Setup 'CLOCK_50'
Slack : 14.658
TNS   : 0.000

Type  : Fast 1100mV 85C Model Setup 'CLOCK2_50'
Slack : 15.242
TNS   : 0.000

Type  : Fast 1100mV 85C Model Hold 'CLOCK2_50'
Slack : 0.130
TNS   : 0.000

Type  : Fast 1100mV 85C Model Hold 'pll_ref1|altpll_component|auto_generated|generic_pll1~PLL_OUTPUT_COUNTER|divclk'
Slack : 0.173
TNS   : 0.000

Type  : Fast 1100mV 85C Model Hold 'CLOCK_50'
Slack : 0.177
TNS   : 0.000

Type  : Fast 1100mV 85C Model Hold 'u6|altpll_component|auto_generated|generic_pll1~PLL_OUTPUT_COUNTER|divclk'
Slack : 0.180
TNS   : 0.000

Type  : Fast 1100mV 85C Model Hold 'altera_reserved_tck'
Slack : 0.184
TNS   : 0.000

Type  : Fast 1100mV 85C Model Hold 'MIPI_PIXEL_CLK'
Slack : 0.270
TNS   : 0.000

Type  : Fast 1100mV 85C Model Recovery 'u6|altpll_component|auto_generated|generic_pll1~PLL_OUTPUT_COUNTER|divclk'
Slack : 3.561
TNS   : 0.000

Type  : Fast 1100mV 85C Model Recovery 'MIPI_PIXEL_CLK'
Slack : 15.481
TNS   : 0.000

Type  : Fast 1100mV 85C Model Recovery 'pll_ref1|altpll_component|auto_generated|generic_pll1~PLL_OUTPUT_COUNTER|divclk'
Slack : 16.540
TNS   : 0.000

Type  : Fast 1100mV 85C Model Recovery 'CLOCK2_50'
Slack : 17.438
TNS   : 0.000

Type  : Fast 1100mV 85C Model Recovery 'altera_reserved_tck'
Slack : 37.181
TNS   : 0.000

Type  : Fast 1100mV 85C Model Removal 'CLOCK2_50'
Slack : 0.264
TNS   : 0.000

Type  : Fast 1100mV 85C Model Removal 'u6|altpll_component|auto_generated|generic_pll1~PLL_OUTPUT_COUNTER|divclk'
Slack : 0.437
TNS   : 0.000

Type  : Fast 1100mV 85C Model Removal 'altera_reserved_tck'
Slack : 0.479
TNS   : 0.000

Type  : Fast 1100mV 85C Model Removal 'pll_ref1|altpll_component|auto_generated|generic_pll1~PLL_OUTPUT_COUNTER|divclk'
Slack : 0.624
TNS   : 0.000

Type  : Fast 1100mV 85C Model Removal 'MIPI_PIXEL_CLK'
Slack : 0.890
TNS   : 0.000

Type  : Fast 1100mV 85C Model Minimum Pulse Width 'pll_ref1|altpll_component|auto_generated|generic_pll1~FRACTIONAL_PLL|vcoph[0]'
Slack : 1.666
TNS   : 0.000

Type  : Fast 1100mV 85C Model Minimum Pulse Width 'pll_ref|altpll_component|auto_generated|generic_pll1~FRACTIONAL_PLL|vcoph[0]'
Slack : 1.666
TNS   : 0.000

Type  : Fast 1100mV 85C Model Minimum Pulse Width 'u6|altpll_component|auto_generated|generic_pll1~FRACTIONAL_PLL|vcoph[0]'
Slack : 1.666
TNS   : 0.000

Type  : Fast 1100mV 85C Model Minimum Pulse Width 'u6|altpll_component|auto_generated|generic_pll1~PLL_OUTPUT_COUNTER|divclk'
Slack : 3.888
TNS   : 0.000

Type  : Fast 1100mV 85C Model Minimum Pulse Width 'CLOCK_50'
Slack : 8.474
TNS   : 0.000

Type  : Fast 1100mV 85C Model Minimum Pulse Width 'CLOCK2_50'
Slack : 8.742
TNS   : 0.000

Type  : Fast 1100mV 85C Model Minimum Pulse Width 'CLOCK3_50'
Slack : 9.336
TNS   : 0.000

Type  : Fast 1100mV 85C Model Minimum Pulse Width 'MIPI_PIXEL_CLK'
Slack : 17.907
TNS   : 0.000

Type  : Fast 1100mV 85C Model Minimum Pulse Width 'altera_reserved_tck'
Slack : 18.132
TNS   : 0.000

Type  : Fast 1100mV 85C Model Minimum Pulse Width 'pll_ref1|altpll_component|auto_generated|generic_pll1~PLL_OUTPUT_COUNTER|divclk'
Slack : 18.891
TNS   : 0.000

Type  : Fast 1100mV 0C Model Setup 'u6|altpll_component|auto_generated|generic_pll1~PLL_OUTPUT_COUNTER|divclk'
Slack : 6.074
TNS   : 0.000

Type  : Fast 1100mV 0C Model Setup 'pll_ref1|altpll_component|auto_generated|generic_pll1~PLL_OUTPUT_COUNTER|divclk'
Slack : 10.341
TNS   : 0.000

Type  : Fast 1100mV 0C Model Setup 'altera_reserved_tck'
Slack : 12.535
TNS   : 0.000

Type  : Fast 1100mV 0C Model Setup 'MIPI_PIXEL_CLK'
Slack : 14.166
TNS   : 0.000

Type  : Fast 1100mV 0C Model Setup 'CLOCK_50'
Slack : 15.241
TNS   : 0.000

Type  : Fast 1100mV 0C Model Setup 'CLOCK2_50'
Slack : 15.579
TNS   : 0.000

Type  : Fast 1100mV 0C Model Hold 'CLOCK2_50'
Slack : 0.119
TNS   : 0.000

Type  : Fast 1100mV 0C Model Hold 'pll_ref1|altpll_component|auto_generated|generic_pll1~PLL_OUTPUT_COUNTER|divclk'
Slack : 0.159
TNS   : 0.000

Type  : Fast 1100mV 0C Model Hold 'u6|altpll_component|auto_generated|generic_pll1~PLL_OUTPUT_COUNTER|divclk'
Slack : 0.163
TNS   : 0.000

Type  : Fast 1100mV 0C Model Hold 'altera_reserved_tck'
Slack : 0.167
TNS   : 0.000

Type  : Fast 1100mV 0C Model Hold 'CLOCK_50'
Slack : 0.168
TNS   : 0.000

Type  : Fast 1100mV 0C Model Hold 'MIPI_PIXEL_CLK'
Slack : 0.246
TNS   : 0.000

Type  : Fast 1100mV 0C Model Recovery 'u6|altpll_component|auto_generated|generic_pll1~PLL_OUTPUT_COUNTER|divclk'
Slack : 4.155
TNS   : 0.000

Type  : Fast 1100mV 0C Model Recovery 'MIPI_PIXEL_CLK'
Slack : 15.843
TNS   : 0.000

Type  : Fast 1100mV 0C Model Recovery 'pll_ref1|altpll_component|auto_generated|generic_pll1~PLL_OUTPUT_COUNTER|divclk'
Slack : 16.723
TNS   : 0.000

Type  : Fast 1100mV 0C Model Recovery 'CLOCK2_50'
Slack : 17.761
TNS   : 0.000

Type  : Fast 1100mV 0C Model Recovery 'altera_reserved_tck'
Slack : 37.485
TNS   : 0.000

Type  : Fast 1100mV 0C Model Removal 'CLOCK2_50'
Slack : 0.120
TNS   : 0.000

Type  : Fast 1100mV 0C Model Removal 'u6|altpll_component|auto_generated|generic_pll1~PLL_OUTPUT_COUNTER|divclk'
Slack : 0.356
TNS   : 0.000

Type  : Fast 1100mV 0C Model Removal 'altera_reserved_tck'
Slack : 0.421
TNS   : 0.000

Type  : Fast 1100mV 0C Model Removal 'pll_ref1|altpll_component|auto_generated|generic_pll1~PLL_OUTPUT_COUNTER|divclk'
Slack : 0.551
TNS   : 0.000

Type  : Fast 1100mV 0C Model Removal 'MIPI_PIXEL_CLK'
Slack : 0.854
TNS   : 0.000

Type  : Fast 1100mV 0C Model Minimum Pulse Width 'pll_ref1|altpll_component|auto_generated|generic_pll1~FRACTIONAL_PLL|vcoph[0]'
Slack : 1.666
TNS   : 0.000

Type  : Fast 1100mV 0C Model Minimum Pulse Width 'pll_ref|altpll_component|auto_generated|generic_pll1~FRACTIONAL_PLL|vcoph[0]'
Slack : 1.666
TNS   : 0.000

Type  : Fast 1100mV 0C Model Minimum Pulse Width 'u6|altpll_component|auto_generated|generic_pll1~FRACTIONAL_PLL|vcoph[0]'
Slack : 1.666
TNS   : 0.000

Type  : Fast 1100mV 0C Model Minimum Pulse Width 'u6|altpll_component|auto_generated|generic_pll1~PLL_OUTPUT_COUNTER|divclk'
Slack : 3.890
TNS   : 0.000

Type  : Fast 1100mV 0C Model Minimum Pulse Width 'CLOCK_50'
Slack : 8.430
TNS   : 0.000

Type  : Fast 1100mV 0C Model Minimum Pulse Width 'CLOCK2_50'
Slack : 8.729
TNS   : 0.000

Type  : Fast 1100mV 0C Model Minimum Pulse Width 'CLOCK3_50'
Slack : 9.286
TNS   : 0.000

Type  : Fast 1100mV 0C Model Minimum Pulse Width 'MIPI_PIXEL_CLK'
Slack : 17.890
TNS   : 0.000

Type  : Fast 1100mV 0C Model Minimum Pulse Width 'altera_reserved_tck'
Slack : 18.114
TNS   : 0.000

Type  : Fast 1100mV 0C Model Minimum Pulse Width 'pll_ref1|altpll_component|auto_generated|generic_pll1~PLL_OUTPUT_COUNTER|divclk'
Slack : 18.890
TNS   : 0.000

------------------------------------------------------------
