------------------------------------------------------------
TimeQuest Timing Analyzer Summary
------------------------------------------------------------

Type  : Slow 1100mV 85C Model Setup 'CLOCK_50'
Slack : -0.370
TNS   : -0.538

Type  : Slow 1100mV 85C Model Setup 'pll_ref1|altpll_component|auto_generated|generic_pll1~PLL_OUTPUT_COUNTER|divclk'
Slack : 1.494
TNS   : 0.000

Type  : Slow 1100mV 85C Model Setup 'u6|altpll_component|auto_generated|generic_pll1~PLL_OUTPUT_COUNTER|divclk'
Slack : 3.836
TNS   : 0.000

Type  : Slow 1100mV 85C Model Setup 'altera_reserved_tck'
Slack : 10.300
TNS   : 0.000

Type  : Slow 1100mV 85C Model Setup 'MIPI_PIXEL_CLK'
Slack : 10.687
TNS   : 0.000

Type  : Slow 1100mV 85C Model Setup 'CLOCK2_50'
Slack : 14.868
TNS   : 0.000

Type  : Slow 1100mV 85C Model Hold 'CLOCK_50'
Slack : -2.038
TNS   : -3.889

Type  : Slow 1100mV 85C Model Hold 'pll_ref1|altpll_component|auto_generated|generic_pll1~PLL_OUTPUT_COUNTER|divclk'
Slack : 0.297
TNS   : 0.000

Type  : Slow 1100mV 85C Model Hold 'u6|altpll_component|auto_generated|generic_pll1~PLL_OUTPUT_COUNTER|divclk'
Slack : 0.302
TNS   : 0.000

Type  : Slow 1100mV 85C Model Hold 'CLOCK2_50'
Slack : 0.376
TNS   : 0.000

Type  : Slow 1100mV 85C Model Hold 'altera_reserved_tck'
Slack : 0.523
TNS   : 0.000

Type  : Slow 1100mV 85C Model Hold 'MIPI_PIXEL_CLK'
Slack : 0.576
TNS   : 0.000

Type  : Slow 1100mV 85C Model Recovery 'u6|altpll_component|auto_generated|generic_pll1~PLL_OUTPUT_COUNTER|divclk'
Slack : -0.431
TNS   : -9.308

Type  : Slow 1100mV 85C Model Recovery 'MIPI_PIXEL_CLK'
Slack : 13.061
TNS   : 0.000

Type  : Slow 1100mV 85C Model Recovery 'pll_ref1|altpll_component|auto_generated|generic_pll1~PLL_OUTPUT_COUNTER|divclk'
Slack : 13.738
TNS   : 0.000

Type  : Slow 1100mV 85C Model Recovery 'CLOCK2_50'
Slack : 15.945
TNS   : 0.000

Type  : Slow 1100mV 85C Model Recovery 'altera_reserved_tck'
Slack : 35.533
TNS   : 0.000

Type  : Slow 1100mV 85C Model Removal 'u6|altpll_component|auto_generated|generic_pll1~PLL_OUTPUT_COUNTER|divclk'
Slack : 0.537
TNS   : 0.000

Type  : Slow 1100mV 85C Model Removal 'pll_ref1|altpll_component|auto_generated|generic_pll1~PLL_OUTPUT_COUNTER|divclk'
Slack : 0.726
TNS   : 0.000

Type  : Slow 1100mV 85C Model Removal 'altera_reserved_tck'
Slack : 0.803
TNS   : 0.000

Type  : Slow 1100mV 85C Model Removal 'MIPI_PIXEL_CLK'
Slack : 0.856
TNS   : 0.000

Type  : Slow 1100mV 85C Model Removal 'CLOCK2_50'
Slack : 0.985
TNS   : 0.000

Type  : Slow 1100mV 85C Model Minimum Pulse Width 'audio|my_clock_gen|DE_Clock_Generator_Audio|auto_generated|generic_pll1~FRACTIONAL_PLL|vcoph[0]'
Slack : 0.714
TNS   : 0.000

Type  : Slow 1100mV 85C Model Minimum Pulse Width 'pll_ref1|altpll_component|auto_generated|generic_pll1~FRACTIONAL_PLL|vcoph[0]'
Slack : 1.666
TNS   : 0.000

Type  : Slow 1100mV 85C Model Minimum Pulse Width 'pll_ref|altpll_component|auto_generated|generic_pll1~FRACTIONAL_PLL|vcoph[0]'
Slack : 1.666
TNS   : 0.000

Type  : Slow 1100mV 85C Model Minimum Pulse Width 'u6|altpll_component|auto_generated|generic_pll1~FRACTIONAL_PLL|vcoph[0]'
Slack : 1.666
TNS   : 0.000

Type  : Slow 1100mV 85C Model Minimum Pulse Width 'u6|altpll_component|auto_generated|generic_pll1~PLL_OUTPUT_COUNTER|divclk'
Slack : 3.789
TNS   : 0.000

Type  : Slow 1100mV 85C Model Minimum Pulse Width 'CLOCK2_50'
Slack : 8.768
TNS   : 0.000

Type  : Slow 1100mV 85C Model Minimum Pulse Width 'CLOCK_50'
Slack : 8.878
TNS   : 0.000

Type  : Slow 1100mV 85C Model Minimum Pulse Width 'CLOCK3_50'
Slack : 9.670
TNS   : 0.000

Type  : Slow 1100mV 85C Model Minimum Pulse Width 'MIPI_PIXEL_CLK'
Slack : 18.397
TNS   : 0.000

Type  : Slow 1100mV 85C Model Minimum Pulse Width 'altera_reserved_tck'
Slack : 18.511
TNS   : 0.000

Type  : Slow 1100mV 85C Model Minimum Pulse Width 'pll_ref1|altpll_component|auto_generated|generic_pll1~PLL_OUTPUT_COUNTER|divclk'
Slack : 18.777
TNS   : 0.000

Type  : Slow 1100mV 0C Model Setup 'CLOCK_50'
Slack : -0.305
TNS   : -0.373

Type  : Slow 1100mV 0C Model Setup 'pll_ref1|altpll_component|auto_generated|generic_pll1~PLL_OUTPUT_COUNTER|divclk'
Slack : 1.367
TNS   : 0.000

Type  : Slow 1100mV 0C Model Setup 'u6|altpll_component|auto_generated|generic_pll1~PLL_OUTPUT_COUNTER|divclk'
Slack : 3.950
TNS   : 0.000

Type  : Slow 1100mV 0C Model Setup 'altera_reserved_tck'
Slack : 10.440
TNS   : 0.000

Type  : Slow 1100mV 0C Model Setup 'MIPI_PIXEL_CLK'
Slack : 10.740
TNS   : 0.000

Type  : Slow 1100mV 0C Model Setup 'CLOCK2_50'
Slack : 14.803
TNS   : 0.000

Type  : Slow 1100mV 0C Model Hold 'CLOCK_50'
Slack : -2.058
TNS   : -3.920

Type  : Slow 1100mV 0C Model Hold 'u6|altpll_component|auto_generated|generic_pll1~PLL_OUTPUT_COUNTER|divclk'
Slack : 0.266
TNS   : 0.000

Type  : Slow 1100mV 0C Model Hold 'pll_ref1|altpll_component|auto_generated|generic_pll1~PLL_OUTPUT_COUNTER|divclk'
Slack : 0.279
TNS   : 0.000

Type  : Slow 1100mV 0C Model Hold 'CLOCK2_50'
Slack : 0.376
TNS   : 0.000

Type  : Slow 1100mV 0C Model Hold 'MIPI_PIXEL_CLK'
Slack : 0.536
TNS   : 0.000

Type  : Slow 1100mV 0C Model Hold 'altera_reserved_tck'
Slack : 0.541
TNS   : 0.000

Type  : Slow 1100mV 0C Model Recovery 'u6|altpll_component|auto_generated|generic_pll1~PLL_OUTPUT_COUNTER|divclk'
Slack : -0.095
TNS   : -0.930

Type  : Slow 1100mV 0C Model Recovery 'MIPI_PIXEL_CLK'
Slack : 13.095
TNS   : 0.000

Type  : Slow 1100mV 0C Model Recovery 'pll_ref1|altpll_component|auto_generated|generic_pll1~PLL_OUTPUT_COUNTER|divclk'
Slack : 13.913
TNS   : 0.000

Type  : Slow 1100mV 0C Model Recovery 'CLOCK2_50'
Slack : 16.069
TNS   : 0.000

Type  : Slow 1100mV 0C Model Recovery 'altera_reserved_tck'
Slack : 35.721
TNS   : 0.000

Type  : Slow 1100mV 0C Model Removal 'u6|altpll_component|auto_generated|generic_pll1~PLL_OUTPUT_COUNTER|divclk'
Slack : 0.483
TNS   : 0.000

Type  : Slow 1100mV 0C Model Removal 'pll_ref1|altpll_component|auto_generated|generic_pll1~PLL_OUTPUT_COUNTER|divclk'
Slack : 0.708
TNS   : 0.000

Type  : Slow 1100mV 0C Model Removal 'altera_reserved_tck'
Slack : 0.716
TNS   : 0.000

Type  : Slow 1100mV 0C Model Removal 'CLOCK2_50'
Slack : 0.905
TNS   : 0.000

Type  : Slow 1100mV 0C Model Removal 'MIPI_PIXEL_CLK'
Slack : 0.979
TNS   : 0.000

Type  : Slow 1100mV 0C Model Minimum Pulse Width 'audio|my_clock_gen|DE_Clock_Generator_Audio|auto_generated|generic_pll1~FRACTIONAL_PLL|vcoph[0]'
Slack : 0.714
TNS   : 0.000

Type  : Slow 1100mV 0C Model Minimum Pulse Width 'pll_ref1|altpll_component|auto_generated|generic_pll1~FRACTIONAL_PLL|vcoph[0]'
Slack : 1.666
TNS   : 0.000

Type  : Slow 1100mV 0C Model Minimum Pulse Width 'pll_ref|altpll_component|auto_generated|generic_pll1~FRACTIONAL_PLL|vcoph[0]'
Slack : 1.666
TNS   : 0.000

Type  : Slow 1100mV 0C Model Minimum Pulse Width 'u6|altpll_component|auto_generated|generic_pll1~FRACTIONAL_PLL|vcoph[0]'
Slack : 1.666
TNS   : 0.000

Type  : Slow 1100mV 0C Model Minimum Pulse Width 'u6|altpll_component|auto_generated|generic_pll1~PLL_OUTPUT_COUNTER|divclk'
Slack : 3.766
TNS   : 0.000

Type  : Slow 1100mV 0C Model Minimum Pulse Width 'CLOCK2_50'
Slack : 8.750
TNS   : 0.000

Type  : Slow 1100mV 0C Model Minimum Pulse Width 'CLOCK_50'
Slack : 8.884
TNS   : 0.000

Type  : Slow 1100mV 0C Model Minimum Pulse Width 'CLOCK3_50'
Slack : 9.673
TNS   : 0.000

Type  : Slow 1100mV 0C Model Minimum Pulse Width 'MIPI_PIXEL_CLK'
Slack : 18.397
TNS   : 0.000

Type  : Slow 1100mV 0C Model Minimum Pulse Width 'altera_reserved_tck'
Slack : 18.496
TNS   : 0.000

Type  : Slow 1100mV 0C Model Minimum Pulse Width 'pll_ref1|altpll_component|auto_generated|generic_pll1~PLL_OUTPUT_COUNTER|divclk'
Slack : 18.759
TNS   : 0.000

Type  : Fast 1100mV 85C Model Setup 'CLOCK_50'
Slack : 0.109
TNS   : 0.000

Type  : Fast 1100mV 85C Model Setup 'u6|altpll_component|auto_generated|generic_pll1~PLL_OUTPUT_COUNTER|divclk'
Slack : 6.320
TNS   : 0.000

Type  : Fast 1100mV 85C Model Setup 'pll_ref1|altpll_component|auto_generated|generic_pll1~PLL_OUTPUT_COUNTER|divclk'
Slack : 9.618
TNS   : 0.000

Type  : Fast 1100mV 85C Model Setup 'altera_reserved_tck'
Slack : 12.357
TNS   : 0.000

Type  : Fast 1100mV 85C Model Setup 'MIPI_PIXEL_CLK'
Slack : 13.350
TNS   : 0.000

Type  : Fast 1100mV 85C Model Setup 'CLOCK2_50'
Slack : 16.820
TNS   : 0.000

Type  : Fast 1100mV 85C Model Hold 'CLOCK_50'
Slack : -1.220
TNS   : -2.309

Type  : Fast 1100mV 85C Model Hold 'pll_ref1|altpll_component|auto_generated|generic_pll1~PLL_OUTPUT_COUNTER|divclk'
Slack : 0.168
TNS   : 0.000

Type  : Fast 1100mV 85C Model Hold 'u6|altpll_component|auto_generated|generic_pll1~PLL_OUTPUT_COUNTER|divclk'
Slack : 0.171
TNS   : 0.000

Type  : Fast 1100mV 85C Model Hold 'CLOCK2_50'
Slack : 0.202
TNS   : 0.000

Type  : Fast 1100mV 85C Model Hold 'altera_reserved_tck'
Slack : 0.214
TNS   : 0.000

Type  : Fast 1100mV 85C Model Hold 'MIPI_PIXEL_CLK'
Slack : 0.273
TNS   : 0.000

Type  : Fast 1100mV 85C Model Recovery 'u6|altpll_component|auto_generated|generic_pll1~PLL_OUTPUT_COUNTER|divclk'
Slack : 2.984
TNS   : 0.000

Type  : Fast 1100mV 85C Model Recovery 'MIPI_PIXEL_CLK'
Slack : 14.607
TNS   : 0.000

Type  : Fast 1100mV 85C Model Recovery 'pll_ref1|altpll_component|auto_generated|generic_pll1~PLL_OUTPUT_COUNTER|divclk'
Slack : 15.897
TNS   : 0.000

Type  : Fast 1100mV 85C Model Recovery 'CLOCK2_50'
Slack : 17.402
TNS   : 0.000

Type  : Fast 1100mV 85C Model Recovery 'altera_reserved_tck'
Slack : 36.920
TNS   : 0.000

Type  : Fast 1100mV 85C Model Removal 'u6|altpll_component|auto_generated|generic_pll1~PLL_OUTPUT_COUNTER|divclk'
Slack : 0.332
TNS   : 0.000

Type  : Fast 1100mV 85C Model Removal 'altera_reserved_tck'
Slack : 0.350
TNS   : 0.000

Type  : Fast 1100mV 85C Model Removal 'CLOCK2_50'
Slack : 0.375
TNS   : 0.000

Type  : Fast 1100mV 85C Model Removal 'pll_ref1|altpll_component|auto_generated|generic_pll1~PLL_OUTPUT_COUNTER|divclk'
Slack : 0.448
TNS   : 0.000

Type  : Fast 1100mV 85C Model Removal 'MIPI_PIXEL_CLK'
Slack : 0.756
TNS   : 0.000

Type  : Fast 1100mV 85C Model Minimum Pulse Width 'audio|my_clock_gen|DE_Clock_Generator_Audio|auto_generated|generic_pll1~FRACTIONAL_PLL|vcoph[0]'
Slack : 0.714
TNS   : 0.000

Type  : Fast 1100mV 85C Model Minimum Pulse Width 'pll_ref1|altpll_component|auto_generated|generic_pll1~FRACTIONAL_PLL|vcoph[0]'
Slack : 1.666
TNS   : 0.000

Type  : Fast 1100mV 85C Model Minimum Pulse Width 'pll_ref|altpll_component|auto_generated|generic_pll1~FRACTIONAL_PLL|vcoph[0]'
Slack : 1.666
TNS   : 0.000

Type  : Fast 1100mV 85C Model Minimum Pulse Width 'u6|altpll_component|auto_generated|generic_pll1~FRACTIONAL_PLL|vcoph[0]'
Slack : 1.666
TNS   : 0.000

Type  : Fast 1100mV 85C Model Minimum Pulse Width 'u6|altpll_component|auto_generated|generic_pll1~PLL_OUTPUT_COUNTER|divclk'
Slack : 3.892
TNS   : 0.000

Type  : Fast 1100mV 85C Model Minimum Pulse Width 'CLOCK_50'
Slack : 8.477
TNS   : 0.000

Type  : Fast 1100mV 85C Model Minimum Pulse Width 'CLOCK2_50'
Slack : 8.711
TNS   : 0.000

Type  : Fast 1100mV 85C Model Minimum Pulse Width 'CLOCK3_50'
Slack : 9.336
TNS   : 0.000

Type  : Fast 1100mV 85C Model Minimum Pulse Width 'MIPI_PIXEL_CLK'
Slack : 17.847
TNS   : 0.000

Type  : Fast 1100mV 85C Model Minimum Pulse Width 'altera_reserved_tck'
Slack : 18.185
TNS   : 0.000

Type  : Fast 1100mV 85C Model Minimum Pulse Width 'pll_ref1|altpll_component|auto_generated|generic_pll1~PLL_OUTPUT_COUNTER|divclk'
Slack : 18.889
TNS   : 0.000

Type  : Fast 1100mV 0C Model Setup 'CLOCK_50'
Slack : 0.115
TNS   : 0.000

Type  : Fast 1100mV 0C Model Setup 'u6|altpll_component|auto_generated|generic_pll1~PLL_OUTPUT_COUNTER|divclk'
Slack : 6.568
TNS   : 0.000

Type  : Fast 1100mV 0C Model Setup 'pll_ref1|altpll_component|auto_generated|generic_pll1~PLL_OUTPUT_COUNTER|divclk'
Slack : 10.258
TNS   : 0.000

Type  : Fast 1100mV 0C Model Setup 'altera_reserved_tck'
Slack : 12.535
TNS   : 0.000

Type  : Fast 1100mV 0C Model Setup 'MIPI_PIXEL_CLK'
Slack : 14.014
TNS   : 0.000

Type  : Fast 1100mV 0C Model Setup 'CLOCK2_50'
Slack : 17.014
TNS   : 0.000

Type  : Fast 1100mV 0C Model Hold 'CLOCK_50'
Slack : -1.194
TNS   : -2.264

Type  : Fast 1100mV 0C Model Hold 'pll_ref1|altpll_component|auto_generated|generic_pll1~PLL_OUTPUT_COUNTER|divclk'
Slack : 0.155
TNS   : 0.000

Type  : Fast 1100mV 0C Model Hold 'u6|altpll_component|auto_generated|generic_pll1~PLL_OUTPUT_COUNTER|divclk'
Slack : 0.158
TNS   : 0.000

Type  : Fast 1100mV 0C Model Hold 'CLOCK2_50'
Slack : 0.191
TNS   : 0.000

Type  : Fast 1100mV 0C Model Hold 'altera_reserved_tck'
Slack : 0.205
TNS   : 0.000

Type  : Fast 1100mV 0C Model Hold 'MIPI_PIXEL_CLK'
Slack : 0.253
TNS   : 0.000

Type  : Fast 1100mV 0C Model Recovery 'u6|altpll_component|auto_generated|generic_pll1~PLL_OUTPUT_COUNTER|divclk'
Slack : 3.709
TNS   : 0.000

Type  : Fast 1100mV 0C Model Recovery 'MIPI_PIXEL_CLK'
Slack : 15.185
TNS   : 0.000

Type  : Fast 1100mV 0C Model Recovery 'pll_ref1|altpll_component|auto_generated|generic_pll1~PLL_OUTPUT_COUNTER|divclk'
Slack : 16.251
TNS   : 0.000

Type  : Fast 1100mV 0C Model Recovery 'CLOCK2_50'
Slack : 17.640
TNS   : 0.000

Type  : Fast 1100mV 0C Model Recovery 'altera_reserved_tck'
Slack : 37.253
TNS   : 0.000

Type  : Fast 1100mV 0C Model Removal 'u6|altpll_component|auto_generated|generic_pll1~PLL_OUTPUT_COUNTER|divclk'
Slack : 0.231
TNS   : 0.000

Type  : Fast 1100mV 0C Model Removal 'CLOCK2_50'
Slack : 0.290
TNS   : 0.000

Type  : Fast 1100mV 0C Model Removal 'altera_reserved_tck'
Slack : 0.294
TNS   : 0.000

Type  : Fast 1100mV 0C Model Removal 'pll_ref1|altpll_component|auto_generated|generic_pll1~PLL_OUTPUT_COUNTER|divclk'
Slack : 0.363
TNS   : 0.000

Type  : Fast 1100mV 0C Model Removal 'MIPI_PIXEL_CLK'
Slack : 0.688
TNS   : 0.000

Type  : Fast 1100mV 0C Model Minimum Pulse Width 'audio|my_clock_gen|DE_Clock_Generator_Audio|auto_generated|generic_pll1~FRACTIONAL_PLL|vcoph[0]'
Slack : 0.714
TNS   : 0.000

Type  : Fast 1100mV 0C Model Minimum Pulse Width 'pll_ref1|altpll_component|auto_generated|generic_pll1~FRACTIONAL_PLL|vcoph[0]'
Slack : 1.666
TNS   : 0.000

Type  : Fast 1100mV 0C Model Minimum Pulse Width 'pll_ref|altpll_component|auto_generated|generic_pll1~FRACTIONAL_PLL|vcoph[0]'
Slack : 1.666
TNS   : 0.000

Type  : Fast 1100mV 0C Model Minimum Pulse Width 'u6|altpll_component|auto_generated|generic_pll1~FRACTIONAL_PLL|vcoph[0]'
Slack : 1.666
TNS   : 0.000

Type  : Fast 1100mV 0C Model Minimum Pulse Width 'u6|altpll_component|auto_generated|generic_pll1~PLL_OUTPUT_COUNTER|divclk'
Slack : 3.892
TNS   : 0.000

Type  : Fast 1100mV 0C Model Minimum Pulse Width 'CLOCK_50'
Slack : 8.435
TNS   : 0.000

Type  : Fast 1100mV 0C Model Minimum Pulse Width 'CLOCK2_50'
Slack : 8.685
TNS   : 0.000

Type  : Fast 1100mV 0C Model Minimum Pulse Width 'CLOCK3_50'
Slack : 9.286
TNS   : 0.000

Type  : Fast 1100mV 0C Model Minimum Pulse Width 'MIPI_PIXEL_CLK'
Slack : 17.847
TNS   : 0.000

Type  : Fast 1100mV 0C Model Minimum Pulse Width 'altera_reserved_tck'
Slack : 18.164
TNS   : 0.000

Type  : Fast 1100mV 0C Model Minimum Pulse Width 'pll_ref1|altpll_component|auto_generated|generic_pll1~PLL_OUTPUT_COUNTER|divclk'
Slack : 18.890
TNS   : 0.000

------------------------------------------------------------
