------------------------------------------------------------
TimeQuest Timing Analyzer Summary
------------------------------------------------------------

Type  : Slow 1100mV 85C Model Setup 'u6|altpll_component|auto_generated|generic_pll1~PLL_OUTPUT_COUNTER|divclk'
Slack : 2.852
TNS   : 0.000

Type  : Slow 1100mV 85C Model Setup 'pll_ref1|altpll_component|auto_generated|generic_pll1~PLL_OUTPUT_COUNTER|divclk'
Slack : 3.036
TNS   : 0.000

Type  : Slow 1100mV 85C Model Setup 'altera_reserved_tck'
Slack : 10.300
TNS   : 0.000

Type  : Slow 1100mV 85C Model Setup 'MIPI_PIXEL_CLK'
Slack : 11.588
TNS   : 0.000

Type  : Slow 1100mV 85C Model Setup 'CLOCK2_50'
Slack : 13.448
TNS   : 0.000

Type  : Slow 1100mV 85C Model Setup 'CLOCK_50'
Slack : 13.584
TNS   : 0.000

Type  : Slow 1100mV 85C Model Hold 'u6|altpll_component|auto_generated|generic_pll1~PLL_OUTPUT_COUNTER|divclk'
Slack : 0.283
TNS   : 0.000

Type  : Slow 1100mV 85C Model Hold 'pll_ref1|altpll_component|auto_generated|generic_pll1~PLL_OUTPUT_COUNTER|divclk'
Slack : 0.293
TNS   : 0.000

Type  : Slow 1100mV 85C Model Hold 'CLOCK_50'
Slack : 0.353
TNS   : 0.000

Type  : Slow 1100mV 85C Model Hold 'CLOCK2_50'
Slack : 0.364
TNS   : 0.000

Type  : Slow 1100mV 85C Model Hold 'altera_reserved_tck'
Slack : 0.438
TNS   : 0.000

Type  : Slow 1100mV 85C Model Hold 'MIPI_PIXEL_CLK'
Slack : 0.440
TNS   : 0.000

Type  : Slow 1100mV 85C Model Recovery 'u6|altpll_component|auto_generated|generic_pll1~PLL_OUTPUT_COUNTER|divclk'
Slack : -0.455
TNS   : -17.045

Type  : Slow 1100mV 85C Model Recovery 'pll_ref1|altpll_component|auto_generated|generic_pll1~PLL_OUTPUT_COUNTER|divclk'
Slack : 13.798
TNS   : 0.000

Type  : Slow 1100mV 85C Model Recovery 'MIPI_PIXEL_CLK'
Slack : 13.970
TNS   : 0.000

Type  : Slow 1100mV 85C Model Recovery 'CLOCK2_50'
Slack : 16.265
TNS   : 0.000

Type  : Slow 1100mV 85C Model Recovery 'altera_reserved_tck'
Slack : 35.464
TNS   : 0.000

Type  : Slow 1100mV 85C Model Removal 'MIPI_PIXEL_CLK'
Slack : 0.575
TNS   : 0.000

Type  : Slow 1100mV 85C Model Removal 'altera_reserved_tck'
Slack : 0.747
TNS   : 0.000

Type  : Slow 1100mV 85C Model Removal 'CLOCK2_50'
Slack : 0.792
TNS   : 0.000

Type  : Slow 1100mV 85C Model Removal 'pll_ref1|altpll_component|auto_generated|generic_pll1~PLL_OUTPUT_COUNTER|divclk'
Slack : 0.957
TNS   : 0.000

Type  : Slow 1100mV 85C Model Removal 'u6|altpll_component|auto_generated|generic_pll1~PLL_OUTPUT_COUNTER|divclk'
Slack : 1.001
TNS   : 0.000

Type  : Slow 1100mV 85C Model Minimum Pulse Width 'pll_ref1|altpll_component|auto_generated|generic_pll1~FRACTIONAL_PLL|vcoph[0]'
Slack : 1.666
TNS   : 0.000

Type  : Slow 1100mV 85C Model Minimum Pulse Width 'pll_ref|altpll_component|auto_generated|generic_pll1~FRACTIONAL_PLL|vcoph[0]'
Slack : 1.666
TNS   : 0.000

Type  : Slow 1100mV 85C Model Minimum Pulse Width 'u6|altpll_component|auto_generated|generic_pll1~FRACTIONAL_PLL|vcoph[0]'
Slack : 1.666
TNS   : 0.000

Type  : Slow 1100mV 85C Model Minimum Pulse Width 'u6|altpll_component|auto_generated|generic_pll1~PLL_OUTPUT_COUNTER|divclk'
Slack : 3.779
TNS   : 0.000

Type  : Slow 1100mV 85C Model Minimum Pulse Width 'CLOCK2_50'
Slack : 8.802
TNS   : 0.000

Type  : Slow 1100mV 85C Model Minimum Pulse Width 'CLOCK_50'
Slack : 8.884
TNS   : 0.000

Type  : Slow 1100mV 85C Model Minimum Pulse Width 'CLOCK3_50'
Slack : 9.670
TNS   : 0.000

Type  : Slow 1100mV 85C Model Minimum Pulse Width 'MIPI_PIXEL_CLK'
Slack : 18.262
TNS   : 0.000

Type  : Slow 1100mV 85C Model Minimum Pulse Width 'altera_reserved_tck'
Slack : 18.466
TNS   : 0.000

Type  : Slow 1100mV 85C Model Minimum Pulse Width 'pll_ref1|altpll_component|auto_generated|generic_pll1~PLL_OUTPUT_COUNTER|divclk'
Slack : 18.783
TNS   : 0.000

Type  : Slow 1100mV 0C Model Setup 'pll_ref1|altpll_component|auto_generated|generic_pll1~PLL_OUTPUT_COUNTER|divclk'
Slack : 2.906
TNS   : 0.000

Type  : Slow 1100mV 0C Model Setup 'u6|altpll_component|auto_generated|generic_pll1~PLL_OUTPUT_COUNTER|divclk'
Slack : 2.929
TNS   : 0.000

Type  : Slow 1100mV 0C Model Setup 'altera_reserved_tck'
Slack : 10.440
TNS   : 0.000

Type  : Slow 1100mV 0C Model Setup 'MIPI_PIXEL_CLK'
Slack : 11.593
TNS   : 0.000

Type  : Slow 1100mV 0C Model Setup 'CLOCK2_50'
Slack : 13.407
TNS   : 0.000

Type  : Slow 1100mV 0C Model Setup 'CLOCK_50'
Slack : 13.642
TNS   : 0.000

Type  : Slow 1100mV 0C Model Hold 'CLOCK_50'
Slack : 0.223
TNS   : 0.000

Type  : Slow 1100mV 0C Model Hold 'u6|altpll_component|auto_generated|generic_pll1~PLL_OUTPUT_COUNTER|divclk'
Slack : 0.264
TNS   : 0.000

Type  : Slow 1100mV 0C Model Hold 'pll_ref1|altpll_component|auto_generated|generic_pll1~PLL_OUTPUT_COUNTER|divclk'
Slack : 0.279
TNS   : 0.000

Type  : Slow 1100mV 0C Model Hold 'CLOCK2_50'
Slack : 0.365
TNS   : 0.000

Type  : Slow 1100mV 0C Model Hold 'MIPI_PIXEL_CLK'
Slack : 0.437
TNS   : 0.000

Type  : Slow 1100mV 0C Model Hold 'altera_reserved_tck'
Slack : 0.453
TNS   : 0.000

Type  : Slow 1100mV 0C Model Recovery 'u6|altpll_component|auto_generated|generic_pll1~PLL_OUTPUT_COUNTER|divclk'
Slack : -0.163
TNS   : -2.654

Type  : Slow 1100mV 0C Model Recovery 'MIPI_PIXEL_CLK'
Slack : 13.869
TNS   : 0.000

Type  : Slow 1100mV 0C Model Recovery 'pll_ref1|altpll_component|auto_generated|generic_pll1~PLL_OUTPUT_COUNTER|divclk'
Slack : 13.921
TNS   : 0.000

Type  : Slow 1100mV 0C Model Recovery 'CLOCK2_50'
Slack : 16.432
TNS   : 0.000

Type  : Slow 1100mV 0C Model Recovery 'altera_reserved_tck'
Slack : 35.611
TNS   : 0.000

Type  : Slow 1100mV 0C Model Removal 'CLOCK2_50'
Slack : 0.653
TNS   : 0.000

Type  : Slow 1100mV 0C Model Removal 'altera_reserved_tck'
Slack : 0.704
TNS   : 0.000

Type  : Slow 1100mV 0C Model Removal 'MIPI_PIXEL_CLK'
Slack : 0.741
TNS   : 0.000

Type  : Slow 1100mV 0C Model Removal 'pll_ref1|altpll_component|auto_generated|generic_pll1~PLL_OUTPUT_COUNTER|divclk'
Slack : 0.899
TNS   : 0.000

Type  : Slow 1100mV 0C Model Removal 'u6|altpll_component|auto_generated|generic_pll1~PLL_OUTPUT_COUNTER|divclk'
Slack : 1.026
TNS   : 0.000

Type  : Slow 1100mV 0C Model Minimum Pulse Width 'pll_ref1|altpll_component|auto_generated|generic_pll1~FRACTIONAL_PLL|vcoph[0]'
Slack : 1.666
TNS   : 0.000

Type  : Slow 1100mV 0C Model Minimum Pulse Width 'pll_ref|altpll_component|auto_generated|generic_pll1~FRACTIONAL_PLL|vcoph[0]'
Slack : 1.666
TNS   : 0.000

Type  : Slow 1100mV 0C Model Minimum Pulse Width 'u6|altpll_component|auto_generated|generic_pll1~FRACTIONAL_PLL|vcoph[0]'
Slack : 1.666
TNS   : 0.000

Type  : Slow 1100mV 0C Model Minimum Pulse Width 'u6|altpll_component|auto_generated|generic_pll1~PLL_OUTPUT_COUNTER|divclk'
Slack : 3.765
TNS   : 0.000

Type  : Slow 1100mV 0C Model Minimum Pulse Width 'CLOCK2_50'
Slack : 8.799
TNS   : 0.000

Type  : Slow 1100mV 0C Model Minimum Pulse Width 'CLOCK_50'
Slack : 8.908
TNS   : 0.000

Type  : Slow 1100mV 0C Model Minimum Pulse Width 'CLOCK3_50'
Slack : 9.673
TNS   : 0.000

Type  : Slow 1100mV 0C Model Minimum Pulse Width 'MIPI_PIXEL_CLK'
Slack : 18.241
TNS   : 0.000

Type  : Slow 1100mV 0C Model Minimum Pulse Width 'altera_reserved_tck'
Slack : 18.471
TNS   : 0.000

Type  : Slow 1100mV 0C Model Minimum Pulse Width 'pll_ref1|altpll_component|auto_generated|generic_pll1~PLL_OUTPUT_COUNTER|divclk'
Slack : 18.755
TNS   : 0.000

Type  : Fast 1100mV 85C Model Setup 'u6|altpll_component|auto_generated|generic_pll1~PLL_OUTPUT_COUNTER|divclk'
Slack : 5.822
TNS   : 0.000

Type  : Fast 1100mV 85C Model Setup 'pll_ref1|altpll_component|auto_generated|generic_pll1~PLL_OUTPUT_COUNTER|divclk'
Slack : 10.509
TNS   : 0.000

Type  : Fast 1100mV 85C Model Setup 'altera_reserved_tck'
Slack : 12.357
TNS   : 0.000

Type  : Fast 1100mV 85C Model Setup 'MIPI_PIXEL_CLK'
Slack : 13.841
TNS   : 0.000

Type  : Fast 1100mV 85C Model Setup 'CLOCK_50'
Slack : 15.824
TNS   : 0.000

Type  : Fast 1100mV 85C Model Setup 'CLOCK2_50'
Slack : 15.951
TNS   : 0.000

Type  : Fast 1100mV 85C Model Hold 'altera_reserved_tck'
Slack : 0.139
TNS   : 0.000

Type  : Fast 1100mV 85C Model Hold 'u6|altpll_component|auto_generated|generic_pll1~PLL_OUTPUT_COUNTER|divclk'
Slack : 0.162
TNS   : 0.000

Type  : Fast 1100mV 85C Model Hold 'pll_ref1|altpll_component|auto_generated|generic_pll1~PLL_OUTPUT_COUNTER|divclk'
Slack : 0.169
TNS   : 0.000

Type  : Fast 1100mV 85C Model Hold 'CLOCK_50'
Slack : 0.177
TNS   : 0.000

Type  : Fast 1100mV 85C Model Hold 'CLOCK2_50'
Slack : 0.197
TNS   : 0.000

Type  : Fast 1100mV 85C Model Hold 'MIPI_PIXEL_CLK'
Slack : 0.223
TNS   : 0.000

Type  : Fast 1100mV 85C Model Recovery 'u6|altpll_component|auto_generated|generic_pll1~PLL_OUTPUT_COUNTER|divclk'
Slack : 3.027
TNS   : 0.000

Type  : Fast 1100mV 85C Model Recovery 'MIPI_PIXEL_CLK'
Slack : 15.420
TNS   : 0.000

Type  : Fast 1100mV 85C Model Recovery 'pll_ref1|altpll_component|auto_generated|generic_pll1~PLL_OUTPUT_COUNTER|divclk'
Slack : 16.147
TNS   : 0.000

Type  : Fast 1100mV 85C Model Recovery 'CLOCK2_50'
Slack : 17.496
TNS   : 0.000

Type  : Fast 1100mV 85C Model Recovery 'altera_reserved_tck'
Slack : 36.760
TNS   : 0.000

Type  : Fast 1100mV 85C Model Removal 'CLOCK2_50'
Slack : 0.350
TNS   : 0.000

Type  : Fast 1100mV 85C Model Removal 'altera_reserved_tck'
Slack : 0.393
TNS   : 0.000

Type  : Fast 1100mV 85C Model Removal 'pll_ref1|altpll_component|auto_generated|generic_pll1~PLL_OUTPUT_COUNTER|divclk'
Slack : 0.546
TNS   : 0.000

Type  : Fast 1100mV 85C Model Removal 'u6|altpll_component|auto_generated|generic_pll1~PLL_OUTPUT_COUNTER|divclk'
Slack : 0.547
TNS   : 0.000

Type  : Fast 1100mV 85C Model Removal 'MIPI_PIXEL_CLK'
Slack : 0.599
TNS   : 0.000

Type  : Fast 1100mV 85C Model Minimum Pulse Width 'pll_ref1|altpll_component|auto_generated|generic_pll1~FRACTIONAL_PLL|vcoph[0]'
Slack : 1.666
TNS   : 0.000

Type  : Fast 1100mV 85C Model Minimum Pulse Width 'pll_ref|altpll_component|auto_generated|generic_pll1~FRACTIONAL_PLL|vcoph[0]'
Slack : 1.666
TNS   : 0.000

Type  : Fast 1100mV 85C Model Minimum Pulse Width 'u6|altpll_component|auto_generated|generic_pll1~FRACTIONAL_PLL|vcoph[0]'
Slack : 1.666
TNS   : 0.000

Type  : Fast 1100mV 85C Model Minimum Pulse Width 'u6|altpll_component|auto_generated|generic_pll1~PLL_OUTPUT_COUNTER|divclk'
Slack : 3.892
TNS   : 0.000

Type  : Fast 1100mV 85C Model Minimum Pulse Width 'CLOCK_50'
Slack : 8.482
TNS   : 0.000

Type  : Fast 1100mV 85C Model Minimum Pulse Width 'CLOCK2_50'
Slack : 8.750
TNS   : 0.000

Type  : Fast 1100mV 85C Model Minimum Pulse Width 'CLOCK3_50'
Slack : 9.336
TNS   : 0.000

Type  : Fast 1100mV 85C Model Minimum Pulse Width 'MIPI_PIXEL_CLK'
Slack : 17.731
TNS   : 0.000

Type  : Fast 1100mV 85C Model Minimum Pulse Width 'altera_reserved_tck'
Slack : 18.139
TNS   : 0.000

Type  : Fast 1100mV 85C Model Minimum Pulse Width 'pll_ref1|altpll_component|auto_generated|generic_pll1~PLL_OUTPUT_COUNTER|divclk'
Slack : 18.892
TNS   : 0.000

Type  : Fast 1100mV 0C Model Setup 'u6|altpll_component|auto_generated|generic_pll1~PLL_OUTPUT_COUNTER|divclk'
Slack : 6.062
TNS   : 0.000

Type  : Fast 1100mV 0C Model Setup 'pll_ref1|altpll_component|auto_generated|generic_pll1~PLL_OUTPUT_COUNTER|divclk'
Slack : 11.105
TNS   : 0.000

Type  : Fast 1100mV 0C Model Setup 'altera_reserved_tck'
Slack : 12.535
TNS   : 0.000

Type  : Fast 1100mV 0C Model Setup 'MIPI_PIXEL_CLK'
Slack : 14.512
TNS   : 0.000

Type  : Fast 1100mV 0C Model Setup 'CLOCK2_50'
Slack : 16.180
TNS   : 0.000

Type  : Fast 1100mV 0C Model Setup 'CLOCK_50'
Slack : 16.260
TNS   : 0.000

Type  : Fast 1100mV 0C Model Hold 'CLOCK_50'
Slack : 0.078
TNS   : 0.000

Type  : Fast 1100mV 0C Model Hold 'altera_reserved_tck'
Slack : 0.132
TNS   : 0.000

Type  : Fast 1100mV 0C Model Hold 'u6|altpll_component|auto_generated|generic_pll1~PLL_OUTPUT_COUNTER|divclk'
Slack : 0.149
TNS   : 0.000

Type  : Fast 1100mV 0C Model Hold 'pll_ref1|altpll_component|auto_generated|generic_pll1~PLL_OUTPUT_COUNTER|divclk'
Slack : 0.154
TNS   : 0.000

Type  : Fast 1100mV 0C Model Hold 'CLOCK2_50'
Slack : 0.186
TNS   : 0.000

Type  : Fast 1100mV 0C Model Hold 'MIPI_PIXEL_CLK'
Slack : 0.198
TNS   : 0.000

Type  : Fast 1100mV 0C Model Recovery 'u6|altpll_component|auto_generated|generic_pll1~PLL_OUTPUT_COUNTER|divclk'
Slack : 3.694
TNS   : 0.000

Type  : Fast 1100mV 0C Model Recovery 'MIPI_PIXEL_CLK'
Slack : 15.802
TNS   : 0.000

Type  : Fast 1100mV 0C Model Recovery 'pll_ref1|altpll_component|auto_generated|generic_pll1~PLL_OUTPUT_COUNTER|divclk'
Slack : 16.382
TNS   : 0.000

Type  : Fast 1100mV 0C Model Recovery 'CLOCK2_50'
Slack : 17.812
TNS   : 0.000

Type  : Fast 1100mV 0C Model Recovery 'altera_reserved_tck'
Slack : 37.098
TNS   : 0.000

Type  : Fast 1100mV 0C Model Removal 'CLOCK2_50'
Slack : 0.191
TNS   : 0.000

Type  : Fast 1100mV 0C Model Removal 'altera_reserved_tck'
Slack : 0.356
TNS   : 0.000

Type  : Fast 1100mV 0C Model Removal 'u6|altpll_component|auto_generated|generic_pll1~PLL_OUTPUT_COUNTER|divclk'
Slack : 0.466
TNS   : 0.000

Type  : Fast 1100mV 0C Model Removal 'pll_ref1|altpll_component|auto_generated|generic_pll1~PLL_OUTPUT_COUNTER|divclk'
Slack : 0.497
TNS   : 0.000

Type  : Fast 1100mV 0C Model Removal 'MIPI_PIXEL_CLK'
Slack : 0.599
TNS   : 0.000

Type  : Fast 1100mV 0C Model Minimum Pulse Width 'pll_ref1|altpll_component|auto_generated|generic_pll1~FRACTIONAL_PLL|vcoph[0]'
Slack : 1.666
TNS   : 0.000

Type  : Fast 1100mV 0C Model Minimum Pulse Width 'pll_ref|altpll_component|auto_generated|generic_pll1~FRACTIONAL_PLL|vcoph[0]'
Slack : 1.666
TNS   : 0.000

Type  : Fast 1100mV 0C Model Minimum Pulse Width 'u6|altpll_component|auto_generated|generic_pll1~FRACTIONAL_PLL|vcoph[0]'
Slack : 1.666
TNS   : 0.000

Type  : Fast 1100mV 0C Model Minimum Pulse Width 'u6|altpll_component|auto_generated|generic_pll1~PLL_OUTPUT_COUNTER|divclk'
Slack : 3.893
TNS   : 0.000

Type  : Fast 1100mV 0C Model Minimum Pulse Width 'CLOCK_50'
Slack : 8.438
TNS   : 0.000

Type  : Fast 1100mV 0C Model Minimum Pulse Width 'CLOCK2_50'
Slack : 8.727
TNS   : 0.000

Type  : Fast 1100mV 0C Model Minimum Pulse Width 'CLOCK3_50'
Slack : 9.286
TNS   : 0.000

Type  : Fast 1100mV 0C Model Minimum Pulse Width 'MIPI_PIXEL_CLK'
Slack : 17.760
TNS   : 0.000

Type  : Fast 1100mV 0C Model Minimum Pulse Width 'altera_reserved_tck'
Slack : 18.131
TNS   : 0.000

Type  : Fast 1100mV 0C Model Minimum Pulse Width 'pll_ref1|altpll_component|auto_generated|generic_pll1~PLL_OUTPUT_COUNTER|divclk'
Slack : 18.890
TNS   : 0.000

------------------------------------------------------------
